---
source: src/parser.rs
expression: parse_ast
---
[]
