---
source: src/fstring.rs
expression: "parse_fstring(\"\").unwrap()"
---
[]
