---
source: src/parser.rs
expression: "parse_program(source, \"<test>\").unwrap()"
---
[
    Located {
        location: Location {
            row: 1,
            column: 0,
        },
        end_location: Some(
            Location {
                row: 1,
                column: 10,
            },
        ),
        custom: (),
        node: Expr {
            value: Located {
                location: Location {
                    row: 1,
                    column: 0,
                },
                end_location: Some(
                    Location {
                        row: 1,
                        column: 10,
                    },
                ),
                custom: (),
                node: Call {
                    func: Located {
                        location: Location {
                            row: 1,
                            column: 0,
                        },
                        end_location: Some(
                            Location {
                                row: 1,
                                column: 8,
                            },
                        ),
                        custom: (),
                        node: Name {
                            id: "some_fun",
                            ctx: Load,
                        },
                    },
                    args: [
                        Located {
                            location: Location {
                                row: 1,
                                column: 11,
                            },
                            end_location: Some(
                                Location {
                                    row: 3,
                                    column: 0,
                                },
                            ),
                            custom: (),
                            node: DoBlock {
                                args: Arguments {
                                    posonlyargs: [],
                                    args: [],
                                    vararg: None,
                                    kwonlyargs: [],
                                    kw_defaults: [],
                                    kwarg: None,
                                    defaults: [],
                                },
                                body: [
                                    Located {
                                        location: Location {
                                            row: 2,
                                            column: 2,
                                        },
                                        end_location: Some(
                                            Location {
                                                row: 2,
                                                column: 22,
                                            },
                                        ),
                                        custom: (),
                                        node: Expr {
                                            value: Located {
                                                location: Location {
                                                    row: 2,
                                                    column: 2,
                                                },
                                                end_location: Some(
                                                    Location {
                                                        row: 2,
                                                        column: 22,
                                                    },
                                                ),
                                                custom: (),
                                                node: Call {
                                                    func: Located {
                                                        location: Location {
                                                            row: 2,
                                                            column: 2,
                                                        },
                                                        end_location: Some(
                                                            Location {
                                                                row: 2,
                                                                column: 7,
                                                            },
                                                        ),
                                                        custom: (),
                                                        node: Name {
                                                            id: "print",
                                                            ctx: Load,
                                                        },
                                                    },
                                                    args: [
                                                        Located {
                                                            location: Location {
                                                                row: 2,
                                                                column: 8,
                                                            },
                                                            end_location: Some(
                                                                Location {
                                                                    row: 2,
                                                                    column: 21,
                                                                },
                                                            ),
                                                            custom: (),
                                                            node: Constant {
                                                                value: Str(
                                                                    "Hello world",
                                                                ),
                                                                kind: None,
                                                            },
                                                        },
                                                    ],
                                                    keywords: [],
                                                },
                                            },
                                        },
                                    },
                                ],
                            },
                        },
                    ],
                    keywords: [],
                },
            },
        },
    },
    Located {
        location: Location {
            row: 3,
            column: 0,
        },
        end_location: Some(
            Location {
                row: 3,
                column: 11,
            },
        ),
        custom: (),
        node: Expr {
            value: Located {
                location: Location {
                    row: 3,
                    column: 0,
                },
                end_location: Some(
                    Location {
                        row: 3,
                        column: 11,
                    },
                ),
                custom: (),
                node: Call {
                    func: Located {
                        location: Location {
                            row: 3,
                            column: 0,
                        },
                        end_location: Some(
                            Location {
                                row: 3,
                                column: 5,
                            },
                        ),
                        custom: (),
                        node: Name {
                            id: "print",
                            ctx: Load,
                        },
                    },
                    args: [
                        Located {
                            location: Location {
                                row: 3,
                                column: 6,
                            },
                            end_location: Some(
                                Location {
                                    row: 3,
                                    column: 10,
                                },
                            ),
                            custom: (),
                            node: Constant {
                                value: Str(
                                    "ok",
                                ),
                                kind: None,
                            },
                        },
                    ],
                    keywords: [],
                },
            },
        },
    },
]
